Test lab report with FERRITIN: 22 ng/mL (Low)
LDL: 120 mg/dL
HDL: 45 mg/dL
